Analyzing frontend...                                           

   info - Don't invoke 'print' in production code - lib\providers\admin_provider.dart:23:7 - avoid_print
   info - Don't invoke 'print' in production code - lib\providers\admin_provider.dart:36:7 - avoid_print
   info - Don't invoke 'print' in production code - lib\providers\admin_provider.dart:63:7 - avoid_print
   info - Don't invoke 'print' in production code - lib\providers\event_provider.dart:18:7 - avoid_print
   info - 'withOpacity' is deprecated and shouldn't be used. Use .withValues() to avoid precision loss - lib\screens\about_screen.dart:31:38 - deprecated_member_use
warning - Unused import: 'event_details_screen.dart' - lib\screens\announcements_screen.dart:6:8 - unused_import
warning - Unused import: 'post_announcement_screen.dart' - lib\screens\announcements_screen.dart:7:8 - unused_import
   info - 'withOpacity' is deprecated and shouldn't be used. Use .withValues() to avoid precision loss - lib\screens\announcements_screen.dart:86:49 - deprecated_member_use
   info - 'withOpacity' is deprecated and shouldn't be used. Use .withValues() to avoid precision loss - lib\screens\announcements_screen.dart:197:33 - deprecated_member_use
   info - 'withOpacity' is deprecated and shouldn't be used. Use .withValues() to avoid precision loss - lib\screens\announcements_screen.dart:202:47 - deprecated_member_use
   info - 'withOpacity' is deprecated and shouldn't be used. Use .withValues() to avoid precision loss - lib\screens\announcements_screen.dart:214:32 - deprecated_member_use
   info - 'withOpacity' is deprecated and shouldn't be used. Use .withValues() to avoid precision loss - lib\screens\chat_screen.dart:123:60 - deprecated_member_use
   info - 'withOpacity' is deprecated and shouldn't be used. Use .withValues() to avoid precision loss - lib\screens\chat_screen.dart:158:46 - deprecated_member_use
   info - 'withOpacity' is deprecated and shouldn't be used. Use .withValues() to avoid precision loss - lib\screens\chat_screen.dart:221:62 - deprecated_member_use
   info - 'withOpacity' is deprecated and shouldn't be used. Use .withValues() to avoid precision loss - lib\screens\chat_screen.dart:263:53 - deprecated_member_use
   info - 'withOpacity' is deprecated and shouldn't be used. Use .withValues() to avoid precision loss - lib\screens\contact_screen.dart:71:43 - deprecated_member_use
   info - 'withOpacity' is deprecated and shouldn't be used. Use .withValues() to avoid precision loss - lib\screens\contact_screen.dart:92:47 - deprecated_member_use
   info - 'withOpacity' is deprecated and shouldn't be used. Use .withValues() to avoid precision loss - lib\screens\contact_screen.dart:161:41 - deprecated_member_use
   info - 'withOpacity' is deprecated and shouldn't be used. Use .withValues() to avoid precision loss - lib\screens\contact_screen.dart:233:33 - deprecated_member_use
   info - 'withOpacity' is deprecated and shouldn't be used. Use .withValues() to avoid precision loss - lib\screens\contact_screen.dart:276:34 - deprecated_member_use
warning - Unused import: '../utils/constants.dart' - lib\screens\create_event_screen.dart:4:8 - unused_import
   info - 'withOpacity' is deprecated and shouldn't be used. Use .withValues() to avoid precision loss - lib\screens\create_event_screen.dart:161:52 - deprecated_member_use
   info - 'withOpacity' is deprecated and shouldn't be used. Use .withValues() to avoid precision loss - lib\screens\create_event_screen.dart:207:40 - deprecated_member_use
   info - Don't use 'BuildContext's across async gaps - lib\screens\create_event_screen.dart:257:46 - use_build_context_synchronously
   info - Don't use 'BuildContext's across async gaps - lib\screens\create_event_screen.dart:335:40 - use_build_context_synchronously
   info - 'withOpacity' is deprecated and shouldn't be used. Use .withValues() to avoid precision loss - lib\screens\dashboard_screen.dart:413:36 - deprecated_member_use
   info - 'withOpacity' is deprecated and shouldn't be used. Use .withValues() to avoid precision loss - lib\screens\dashboard_screen.dart:490:34 - deprecated_member_use
   info - 'withOpacity' is deprecated and shouldn't be used. Use .withValues() to avoid precision loss - lib\screens\dashboard_screen.dart:559:29 - deprecated_member_use
   info - 'withOpacity' is deprecated and shouldn't be used. Use .withValues() to avoid precision loss - lib\screens\dashboard_screen.dart:603:40 - deprecated_member_use
   info - 'withOpacity' is deprecated and shouldn't be used. Use .withValues() to avoid precision loss - lib\screens\event_details_screen.dart:108:51 - deprecated_member_use
   info - 'withOpacity' is deprecated and shouldn't be used. Use .withValues() to avoid precision loss - lib\screens\event_details_screen.dart:208:54 - deprecated_member_use
   info - 'withOpacity' is deprecated and shouldn't be used. Use .withValues() to avoid precision loss - lib\screens\events_list_screen.dart:96:35 - deprecated_member_use
   info - 'withOpacity' is deprecated and shouldn't be used. Use .withValues() to avoid precision loss - lib\screens\events_list_screen.dart:108:57 - deprecated_member_use
warning - The value of the local variable 'userEmail' isn't used - lib\screens\home_screen.dart:18:11 - unused_local_variable
warning - The declaration '_buildDrawerItem' isn't referenced - lib\screens\home_screen.dart:212:10 - unused_element
   info - 'withOpacity' is deprecated and shouldn't be used. Use .withValues() to avoid precision loss - lib\screens\home_screen.dart:272:57 - deprecated_member_use
   info - 'withOpacity' is deprecated and shouldn't be used. Use .withValues() to avoid precision loss - lib\screens\home_screen.dart:328:32 - deprecated_member_use
   info - 'withOpacity' is deprecated and shouldn't be used. Use .withValues() to avoid precision loss - lib\screens\inquiries_screen.dart:140:35 - deprecated_member_use
   info - 'withOpacity' is deprecated and shouldn't be used. Use .withValues() to avoid precision loss - lib\screens\inquiries_screen.dart:189:37 - deprecated_member_use
   info - 'withOpacity' is deprecated and shouldn't be used. Use .withValues() to avoid precision loss - lib\screens\inquiries_screen.dart:228:35 - deprecated_member_use
   info - 'withOpacity' is deprecated and shouldn't be used. Use .withValues() to avoid precision loss - lib\screens\inquiries_screen.dart:234:47 - deprecated_member_use
   info - 'withOpacity' is deprecated and shouldn't be used. Use .withValues() to avoid precision loss - lib\screens\inquiries_screen.dart:241:44 - deprecated_member_use
   info - 'withOpacity' is deprecated and shouldn't be used. Use .withValues() to avoid precision loss - lib\screens\inquiries_screen.dart:297:47 - deprecated_member_use
   info - 'withOpacity' is deprecated and shouldn't be used. Use .withValues() to avoid precision loss - lib\screens\inquiries_screen.dart:298:46 - deprecated_member_use
   info - 'withOpacity' is deprecated and shouldn't be used. Use .withValues() to avoid precision loss - lib\screens\login_screen.dart:67:47 - deprecated_member_use
   info - 'withOpacity' is deprecated and shouldn't be used. Use .withValues() to avoid precision loss - lib\screens\login_screen.dart:280:35 - deprecated_member_use
   info - 'withOpacity' is deprecated and shouldn't be used. Use .withValues() to avoid precision loss - lib\screens\menu_screen.dart:172:31 - deprecated_member_use
   info - 'withOpacity' is deprecated and shouldn't be used. Use .withValues() to avoid precision loss - lib\screens\menu_screen.dart:206:31 - deprecated_member_use
   info - The private field _audience could be 'final' - lib\screens\post_announcement_screen.dart:19:10 - prefer_final_fields
   info - 'withOpacity' is deprecated and shouldn't be used. Use .withValues() to avoid precision loss - lib\screens\post_announcement_screen.dart:67:39 - deprecated_member_use
   info - 'withOpacity' is deprecated and shouldn't be used. Use .withValues() to avoid precision loss - lib\screens\post_announcement_screen.dart:77:37 - deprecated_member_use
   info - 'withOpacity' is deprecated and shouldn't be used. Use .withValues() to avoid precision loss - lib\screens\post_announcement_screen.dart:88:37 - deprecated_member_use
   info - 'withOpacity' is deprecated and shouldn't be used. Use .withValues() to avoid precision loss - lib\screens\profile_screen.dart:197:33 - deprecated_member_use
warning - Unused import: 'package:provider/provider.dart' - lib\screens\zoom_drawer_screen.dart:3:8 - unused_import
warning - Unused import: '../providers/navigation_provider.dart' - lib\screens\zoom_drawer_screen.dart:4:8 - unused_import

